// Jest Snapshot v1, https://goo.gl/fbAQLP

exports[`diff json format 1`] = `
"[{\\"key\\":\\"common\\",\\"value\\":[{\\"key\\":\\"follow\\",\\"value\\":false,\\"status\\":\\"added\\"},{\\"key\\":\\"setting1\\",\\"value\\":\\"Value 1\\",\\"status\\":\\"equal\\"},{\\"key\\":\\"setting2\\",\\"value\\":200,\\"status\\":\\"removed\\"},{\\"key\\":\\"setting3\\",\\"value\\":true,\\"status\\":\\"updated\\",\\"updatedValue\\":{\\"key\\":\\"value\\"}},{\\"key\\":\\"setting4\\",\\"value\\":\\"blah blah\\",\\"status\\":\\"added\\"},{\\"key\\":\\"setting5\\",\\"value\\":{\\"key5\\":\\"value5\\"},\\"status\\":\\"added\\"},{\\"key\\":\\"setting6\\",\\"value\\":[{\\"key\\":\\"doge\\",\\"value\\":[{\\"key\\":\\"wow\\",\\"value\\":\\"too much\\",\\"status\\":\\"updated\\",\\"updatedValue\\":\\"so much\\"}],\\"status\\":null},{\\"key\\":\\"key\\",\\"value\\":\\"value\\",\\"status\\":\\"equal\\"},{\\"key\\":\\"ops\\",\\"value\\":\\"vops\\",\\"status\\":\\"added\\"}],\\"status\\":null}],\\"status\\":null},{\\"key\\":\\"group1\\",\\"value\\":[{\\"key\\":\\"baz\\",\\"value\\":\\"bas\\",\\"status\\":\\"updated\\",\\"updatedValue\\":\\"bars\\"},{\\"key\\":\\"foo\\",\\"value\\":\\"bar\\",\\"status\\":\\"equal\\"},{\\"key\\":\\"nest\\",\\"value\\":{\\"key\\":\\"value\\"},\\"status\\":\\"updated\\",\\"updatedValue\\":\\"str\\"}],\\"status\\":null},{\\"key\\":\\"group2\\",\\"value\\":{\\"abc\\":12345,\\"deep\\":{\\"id\\":45}},\\"status\\":\\"removed\\"},{\\"key\\":\\"group3\\",\\"value\\":{\\"deep\\":{\\"id\\":{\\"number\\":45}},\\"fee\\":100500},\\"status\\":\\"added\\"},{\\"key\\":\\"group4\\",\\"value\\":[{\\"key\\":\\"default\\",\\"value\\":null,\\"status\\":\\"updated\\",\\"updatedValue\\":\\"\\"},{\\"key\\":\\"foo\\",\\"value\\":0,\\"status\\":\\"updated\\",\\"updatedValue\\":null},{\\"key\\":\\"isNested\\",\\"value\\":false,\\"status\\":\\"updated\\",\\"updatedValue\\":\\"none\\"},{\\"key\\":\\"key\\",\\"value\\":false,\\"status\\":\\"added\\"},{\\"key\\":\\"nest\\",\\"value\\":[{\\"key\\":\\"bar\\",\\"value\\":\\"\\",\\"status\\":\\"updated\\",\\"updatedValue\\":0},{\\"key\\":\\"isNested\\",\\"value\\":true,\\"status\\":\\"removed\\"}],\\"status\\":null},{\\"key\\":\\"someKey\\",\\"value\\":true,\\"status\\":\\"added\\"},{\\"key\\":\\"type\\",\\"value\\":\\"bas\\",\\"status\\":\\"updated\\",\\"updatedValue\\":\\"bar\\"}],\\"status\\":null}]
"
`;
